Microchip MPLAB XC8 Compiler V1.36 ()

Linker command line:

-W-3 --edf=C:\Program Files (x86)\Microchip\xc8\v1.36\dat\en_msgs.txt -cs \
  -h+dist/default/production\CCB.X.production.sym \
  --cmf=dist/default/production\CCB.X.production.cmf -z -Q18F25K22 \
  -oC:\Users\R&D\AppData\Local\Temp\s874.2 \
  -Mdist/default/production/CCB.X.production.map -E1 -ver=XC8 \
  -ASTACK=05AFh-05ffh -pstack=STACK -ACODE=0400h-07FFFh \
  -ACONST=0400h-07FFFh -ASMALLCONST=0600h-06FFhx122 \
  -AMEDIUMCONST=0600h-07FFFh -ACOMRAM=01h-05Fh -AABS1=00h-05FFh \
  -ABIGRAM=01h-05FFh -ARAM=060h-0FFh,0100h-01FFhx5 -ABANK0=060h-0FFh \
  -ABANK1=0100h-01FFh -ABANK2=0200h-02FFh -ABANK3=0300h-03FFh \
  -ABANK4=0400h-04FFh -ABANK5=0500h-05FFh -ASFR=0F38h-0F5Fh,0F60h-0FFFh \
  -preset_vec=0400h,intcode=0408h,intcodelo,powerup,init,end_init \
  -pramtop=0600h -psmallconst=SMALLCONST -pmediumconst=MEDIUMCONST \
  -pconst=CONST -AFARRAM=00h-00h -ACONFIG=0300000h-030000Dh -pconfig=CONFIG \
  -AIDLOC=0200000h-0200007h -pidloc=IDLOC -AEEDATA=0F00000h-0F000FFh \
  -peeprom_data=EEDATA \
  -prdata=COMRAM,nvrram=COMRAM,nvbit=COMRAM,rbss=COMRAM,rbit=COMRAM \
  -pfarbss=FARRAM,fardata=FARRAM,nvFARRAM=FARRAM \
  -pintsave_regs=BIGRAM,bigbss=BIGRAM,bigdata=BIGRAM -pbss=RAM \
  -pidata=CODE,irdata=CODE,ibigdata=CODE,ifardata=CODE -prparam=COMRAM \
  C:\Users\R&D\AppData\Local\Temp\s874.obj \
  dist/default/production\CCB.X.production.obj 

Object code version is 3.11

Machine type is 18F25K22

Call graph: (short form)




                Name                               Link     Load   Length Selector   Space Scale
C:\Users\R&D\AppData\Local\Temp\s874.obj
                end_init                            632      632        4      204       0
                reset_vec                           400      400        4      200       0
                idloc                            200000   200000        8   200000       0
                config                           300000   300000        E   300000       0
dist/default/production\CCB.X.production.obj
                intcode                             408      408      22A      204       0
                temp                                 5E       5E        1        1       1
                smallconst                          636      636        4      31B       0
                text83                             2E24     2E24        6      31D       0
                text82                             2D78     2D78       12      31D       0
                text81                             2E08     2E08        A      31D       0
                text80                             1E4E     1E4E       D2      31D       0
                text79                             2506     2506       84      31D       0
                text78                             21FE     21FE       AA      31D       0
                text77                             2DFE     2DFE        A      31D       0
                text76                             1C72     1C72       F4      31D       0
                text75                             1FE8     1FE8       B6      31D       0
                text74                             2D66     2D66       12      31D       0
                text73                             2DDE     2DDE        C      31D       0
                text72                             2D9A     2D9A       10      31D       0
                text71                              D20      D20      28E      31D       0
                text70                             2704     2704       70      31D       0
                text69                             2C02     2C02       2A      31D       0
                text68                             29A8     29A8       58      31D       0
                text67                             2BAC     2BAC       2C      31D       0
                text65                             2E1E     2E1E        6      31D       0
                text64                             2E42     2E42        4      31D       0
                text63                             2E18     2E18        6      31D       0
                text62                             2AD2     2AD2       3E      31D       0
                text61                             2C52     2C52       26      31D       0
                text60                             2DD2     2DD2        C      31D       0
                text59                             2C78     2C78       1E      31D       0
                text58                             289A     289A       5C      31D       0
                text57                             2E3E     2E3E        4      31D       0
                text56                             2E3A     2E3A        4      31D       0
                text55                             258A     258A       82      31D       0
                text54                             2DF4     2DF4        A      31D       0
                text53                             2D2E     2D2E       14      31D       0
                text52                             2D1A     2D1A       14      31D       0
                text51                             2688     2688       7C      31D       0
                text50                             2C2C     2C2C       26      31D       0
                text49                             2D54     2D54       12      31D       0
                text48                             2A00     2A00       4E      31D       0
                text47                             2B48     2B48       38      31D       0
                text46                             15F8     15F8      130      31D       0
                text45                             234E     234E       A4      31D       0
                text44                             1B7C     1B7C       F6      31D       0
                text43                             2D42     2D42       12      31D       0
                text42                             2CC6     2CC6       18      31D       0
                text41                             184E     184E      11A      31D       0
                text40                             1216     1216      162      31D       0
                text39                             2950     2950       58      31D       0
                text38                             27E0     27E0       5E      31D       0
                text37                             209E     209E       B2      31D       0
                text36                             2E36     2E36        4      31D       0
                text35                             2E32     2E32        4      31D       0
                text34                             23F2     23F2       90      31D       0
                text33                             1A74     1A74      108      31D       0
                text32                             1968     1968      10C      31D       0
                text31                              FAE      FAE      268      31D       0
                text30                             1378     1378      14C      31D       0
                text29                             2BD8     2BD8       2A      31D       0
                text28                             22A8     22A8       A6      31D       0
                text27                             2DB8     2DB8        E      31D       0
                text26                             14C4     14C4      134      31D       0
                text25                             1728     1728      126      31D       0
                text24                             2B10     2B10       38      31D       0
                text23                             2482     2482       84      31D       0
                text22                             2150     2150       AE      31D       0
                text21                              63A      63A      396      31D       0
                text20                             2D06     2D06       14      31D       0
                text19                             2CF2     2CF2       14      31D       0
                text18                             2CDE     2CDE       14      31D       0
                text17                             2DC6     2DC6        C      31D       0
                text16                             2CAE     2CAE       18      31D       0
                text15                             2E12     2E12        6      31D       0
                text14                             28F6     28F6       5A      31D       0
                text13                             1D66     1D66       E8      31D       0
                text12                             2DAA     2DAA        E      31D       0
                text11                             2D8A     2D8A       10      31D       0
                text10                             2B80     2B80       2C      31D       0
                text9                              2E2E     2E2E        4      31D       0
                text8                              2E2A     2E2A        4      31D       0
                text7                              2C96     2C96       18      31D       0
                text6                              1F20     1F20       C8      31D       0
                text5                              2A90     2A90       42      31D       0
                text4                              2774     2774       6C      31D       0
                text3                              283E     283E       5C      31D       0
                text2                              2A4E     2A4E       42      31D       0
                text1                              2DEA     2DEA        A      31D       0
                text0                               9D0      9D0      350      31D       0
                cstackCOMRAM                          1        1       3D        1       1
                cstackBANK0                          C2       C2       34       60       1
                bssBIGRAM                           447      447      168      447       1
                bssBANK4                            400      400       47      400       1
                bssBANK3                            300      300       FB      300       1
                bssBANK2                            200      200       F0      200       1
                bssBANK1                            100      100       EA      100       1
                bssBANK0                             60       60       62       60       1
                dataCOMRAM                           5D       5D        1        1       1
                bssCOMRAM                            3E       3E       1F        1       1
                cinit                              260C     260C       7C      31D       0
                idataCOMRAM                        2E46     2E46        1      31D       0

TOTAL           Name                               Link     Load   Length     Space
        CLASS   STACK          

        CLASS   CODE           
                end_init                            632      632        4         0
                intcode                             408      408      22A         0
                reset_vec                           400      400        4         0
                text83                             2E24     2E24        6         0
                text82                             2D78     2D78       12         0
                text81                             2E08     2E08        A         0
                text80                             1E4E     1E4E       D2         0
                text79                             2506     2506       84         0
                text78                             21FE     21FE       AA         0
                text77                             2DFE     2DFE        A         0
                text76                             1C72     1C72       F4         0
                text75                             1FE8     1FE8       B6         0
                text74                             2D66     2D66       12         0
                text73                             2DDE     2DDE        C         0
                text72                             2D9A     2D9A       10         0
                text71                              D20      D20      28E         0
                text70                             2704     2704       70         0
                text69                             2C02     2C02       2A         0
                text68                             29A8     29A8       58         0
                text67                             2BAC     2BAC       2C         0
                text65                             2E1E     2E1E        6         0
                text64                             2E42     2E42        4         0
                text63                             2E18     2E18        6         0
                text62                             2AD2     2AD2       3E         0
                text61                             2C52     2C52       26         0
                text60                             2DD2     2DD2        C         0
                text59                             2C78     2C78       1E         0
                text58                             289A     289A       5C         0
                text57                             2E3E     2E3E        4         0
                text56                             2E3A     2E3A        4         0
                text55                             258A     258A       82         0
                text54                             2DF4     2DF4        A         0
                text53                             2D2E     2D2E       14         0
                text52                             2D1A     2D1A       14         0
                text51                             2688     2688       7C         0
                text50                             2C2C     2C2C       26         0
                text49                             2D54     2D54       12         0
                text48                             2A00     2A00       4E         0
                text47                             2B48     2B48       38         0
                text46                             15F8     15F8      130         0
                text45                             234E     234E       A4         0
                text44                             1B7C     1B7C       F6         0
                text43                             2D42     2D42       12         0
                text42                             2CC6     2CC6       18         0
                text41                             184E     184E      11A         0
                text40                             1216     1216      162         0
                text39                             2950     2950       58         0
                text38                             27E0     27E0       5E         0
                text37                             209E     209E       B2         0
                text36                             2E36     2E36        4         0
                text35                             2E32     2E32        4         0
                text34                             23F2     23F2       90         0
                text33                             1A74     1A74      108         0
                text32                             1968     1968      10C         0
                text31                              FAE      FAE      268         0
                text30                             1378     1378      14C         0
                text29                             2BD8     2BD8       2A         0
                text28                             22A8     22A8       A6         0
                text27                             2DB8     2DB8        E         0
                text26                             14C4     14C4      134         0
                text25                             1728     1728      126         0
                text24                             2B10     2B10       38         0
                text23                             2482     2482       84         0
                text22                             2150     2150       AE         0
                text21                              63A      63A      396         0
                text20                             2D06     2D06       14         0
                text19                             2CF2     2CF2       14         0
                text18                             2CDE     2CDE       14         0
                text17                             2DC6     2DC6        C         0
                text16                             2CAE     2CAE       18         0
                text15                             2E12     2E12        6         0
                text14                             28F6     28F6       5A         0
                text13                             1D66     1D66       E8         0
                text12                             2DAA     2DAA        E         0
                text11                             2D8A     2D8A       10         0
                text10                             2B80     2B80       2C         0
                text9                              2E2E     2E2E        4         0
                text8                              2E2A     2E2A        4         0
                text7                              2C96     2C96       18         0
                text6                              1F20     1F20       C8         0
                text5                              2A90     2A90       42         0
                text4                              2774     2774       6C         0
                text3                              283E     283E       5C         0
                text2                              2A4E     2A4E       42         0
                text1                              2DEA     2DEA        A         0
                text0                               9D0      9D0      350         0
                cinit                              260C     260C       7C         0
                idataCOMRAM                        2E46     2E46        1         0

        CLASS   CONST          

        CLASS   SMALLCONST     
                smallconst                          636      636        4         0

        CLASS   MEDIUMCONST    

        CLASS   COMRAM         
                temp                                 5E       5E        1         1
                cstackCOMRAM                          1        1       3D         1
                dataCOMRAM                           5D       5D        1         1
                bssCOMRAM                            3E       3E       1F         1

        CLASS   ABS1           

        CLASS   BIGRAM         
                bssBIGRAM                           447      447      168         1

        CLASS   RAM            

        CLASS   BANK0          
                cstackBANK0                          C2       C2       34         1
                bssBANK0                             60       60       62         1

        CLASS   BANK1          
                bssBANK1                            100      100       EA         1

        CLASS   BANK2          
                bssBANK2                            200      200       F0         1

        CLASS   BANK3          
                bssBANK3                            300      300       FB         1

        CLASS   BANK4          
                bssBANK4                            400      400       47         1

        CLASS   BANK5          

        CLASS   SFR            

        CLASS   FARRAM         

        CLASS   CONFIG         
                config                           300000   300000        E         0

        CLASS   IDLOC          
                idloc                            200000   200000        8         0

        CLASS   EEDATA         



SEGMENTS        Name                           Load    Length   Top    Selector   Space  Class

                cstackCOMRAM                   000001  00005E  00005F         1       1  COMRAM  
                bssBANK0                       000060  000096  0000F6        60       1  BANK0   
                bssBANK1                       000100  0000EA  0001EA       100       1  BANK1   
                bssBANK2                       000200  0000F0  0002F0       200       1  BANK2   
                bssBANK3                       000300  0000FB  0003FB       300       1  BANK3   
                reset_vec                      000400  000004  000404       200       0  CODE    
                bssBANK4                       000400  000047  000447       400       1  BANK4   
                intcode                        000408  00022E  000636       204       0  CODE    
                bssBIGRAM                      000447  000168  0005AF       447       1  BIGRAM  
                smallconst                     000636  000004  00063A       31B       0  SMALLCON
                text21                         00063A  00280D  002E47       31D       0  CODE    
                idloc                          200000  000008  200008    200000       0  IDLOC   
                config                         300000  00000E  30000E    300000       0  CONFIG  


UNUSED ADDRESS RANGES

        Name                Unused          Largest block    Delta
        BANK0            0000F6-0000FF                A
        BANK1            0001EA-0001FF               16
        BANK2            0002F0-0002FF               10
        BANK3            0003FB-0003FF                5
        BANK5            0005AF-0005FF               51
        BIGRAM           00005F-00005F                1
                         0000F6-0000FF                A
                         0001EA-0001FF               16
                         0002F0-0002FF               10
                         0003FB-0003FF                5
                         0005AF-0005FF               51
        CODE             000404-000407                4
                         002E47-007FFF             51B9
        COMRAM           00005F-00005F                1
        CONST            000404-000407                4
                         002E47-007FFF             51B9
        EEDATA           F00000-F000FF              100
        FARRAM           000000-000000                1
        MEDIUMCONST      002E47-007FFF             51B9
        RAM              0000F6-0000FF                A
                         0001EA-0001FF               16
                         0002F0-0002FF               10
                         0003FB-0003FF                5
                         0005AF-0005FF               51
        SFR              000F38-000FFF               28
        SMALLCONST       002E47-007FFF              100
        STACK            0005AF-0005FF               51

                                  Symbol Table

?_CRC16                                            cstackBANK0  0000C2
?_PacketDataST7540                                 cstackCOMRAM 000001
?_PacketReadParamST7540                            cstackCOMRAM 000016
?_PacketReadParamUART                              cstackBANK0  0000D8
?_ReadAnalogVoltage                                cstackBANK0  0000C2
?___aldiv                                          cstackBANK0  0000C2
?___ftadd                                          cstackBANK0  0000CD
?___ftdiv                                          cstackBANK0  0000CA
?___ftpack                                         cstackBANK0  0000C2
?___lwtoft                                         cstackBANK0  0000CA
?i2_CRC16                                          cstackCOMRAM 000001
CRC16@crc                                          cstackBANK0  0000CD
CRC16@data                                         cstackBANK0  0000CA
CRC16@data_p                                       cstackBANK0  0000C2
CRC16@i                                            cstackBANK0  0000CC
CRC16@length                                       cstackBANK0  0000C4
CheckBroadcastPacket@Command                       cstackBANK0  0000C2
CheckCRCST7540@expectedCRCUS                       cstackCOMRAM 000011
CheckCRCST7540@packetLenUC                         cstackCOMRAM 000015
CheckCRCST7540@receivedCRCUS                       cstackCOMRAM 000013
CheckCRCUART@expectedCRCUS                         cstackBANK0  0000D3
CheckCRCUART@packetCRCUS                           cstackBANK0  0000D1
CheckCRCUART@packetLenUC                           cstackBANK0  0000D5
CheckCRCUART@receivedCRCUS                         cstackBANK0  0000D6
CreateMessageST7540@commandUC                      cstackBANK0  0000E3
CreateMessageST7540@dataBuf                        cstackBANK0  0000E5
CreateMessageST7540@dataBufLocUC                   cstackBANK0  0000ED
CreateMessageST7540@dataLenUC                      cstackBANK0  0000E4
CreateMessageST7540@packetCRCUS                    cstackBANK0  0000EB
CreateMessageST7540@packetDestUS                   cstackBANK0  0000E1
CreateMessageST7540@packetSourceUS                 cstackBANK0  0000DF
CreateMessageUART@commandUC                        cstackBANK0  0000D1
CreateMessageUART@dataBuf                          cstackBANK0  0000D3
CreateMessageUART@dataBufLocUC                     cstackBANK0  0000D9
CreateMessageUART@dataLenUC                        cstackBANK0  0000D2
CreateMessageUART@packetCRCUS                      cstackBANK0  0000D7
CreateMessageUART@packetSourceUS                   cstackBANK0  0000CF
EEPROMClearReset@address                           cstackBANK0  0000C6
EEPROMRead@address                                 cstackBANK0  0000C4
EEPROMSetReset@address                             cstackBANK0  0000C6
FIRE@i                                             cstackBANK0  0000C7
InitST7540@configDataRXUS                          cstackBANK0  0000D8
InitST7540@configDataTXUS                          cstackBANK0  0000D2
InitST7540@frameDataRXUS                           cstackBANK0  0000D5
InitST7540@frameDataTXUS                           cstackBANK0  0000CF
PacketReadParamST7540@paramName                    cstackCOMRAM 00001A
PacketReadParamST7540@retValueUS                   cstackCOMRAM 00001B
PacketReadParamUART@paramName                      cstackBANK0  0000DC
PacketReadParamUART@retValueUS                     cstackBANK0  0000DD
RXReadyISRHandlerST7540@ReadIOCC                   cstackCOMRAM 000001
ReadAnalogVoltage@channelC                         cstackBANK0  0000C4
ReadCableFault@cableFaultValueUS                   cstackBANK0  0000C5
ReadConfigST7540@bitsReceivedUC                    cstackBANK0  0000CA
ReadConfigST7540@configDataUS                      cstackBANK0  0000C4
ReadConfigST7540@discardUC                         cstackBANK0  0000C9
ReadConfigST7540@frameDataUS                       cstackBANK0  0000C2
ReadEarthLeakage@Failed                            cstackBANK0  0000C7
ReadEarthLeakage@earthLeakageValueUS               cstackBANK0  0000C5
ReadEarthLeakage@i                                 cstackBANK0  0000C9
ReadFireOut@i                                      cstackBANK0  0000D9
ReadMAINS_ZeroCrossing@mainsZero_CrossingValueUSG2 cstackBANK0  0000C6
Read_b_eep@badd                                    cstackBANK0  0000C2
ReceiveNewDataST7540@discardUC                     cstackBANK0  0000C2
Receive_ISC_Packet@tempIscSerial                   cstackCOMRAM 00002E
Receive_Pi_Packet@BroadcastUC                      cstackBANK0  0000F3
Receive_Pi_Packet@i                                cstackBANK0  0000F1
SPIISRHandlerST7540@dataReadUC                     cstackCOMRAM 000001
StartTransmitST7540@discardUC                      cstackBANK0  0000C2
UART_Init@baudrate                                 cstackBANK0  0000D0
UART_Init@x                                        cstackBANK0  0000DC
UART_Read@charRS232                                cstackCOMRAM 000001
UART_Write@data                                    cstackBANK0  0000C2
WaitTickCount@tickCountUS                          cstackBANK0  0000C2
WriteConfigST7540@bitsSentUC                       cstackBANK0  0000CE
WriteConfigST7540@configDataUS                     cstackBANK0  0000C7
WriteConfigST7540@discardUC                        cstackBANK0  0000CD
WriteConfigST7540@frameDataUS                      cstackBANK0  0000C4
Write_b_eep@GIE_BIT_VAL                            cstackBANK0  0000C5
Write_b_eep@badd                                   cstackBANK0  0000C2
Write_b_eep@bdat                                   cstackBANK0  0000C4
_ADCON0bits                                        (abs)        000FC2
_ADCON1bits                                        (abs)        000FC1
_ADCON2bits                                        (abs)        000FC0
_ADRES                                             (abs)        000FC3
_ANSELAbits                                        (abs)        000F38
_ANSELBbits                                        (abs)        000F39
_ANSELCbits                                        (abs)        000F3A
_AlarmStatusUCG                                    bssBANK0     0000A6
_BAUDCONbits                                       (abs)        000FB8
_BTEnabled                                         bssCOMRAM    00003E
_BTHighSpeedTickUIG                                bssBANK0     000070
_BroadcastCheckUC                                  bssCOMRAM    00003F
_Busy_eep                                          text63       002E18
_CFLEDFlashEnable                                  bssCOMRAM    000040
_CFLEDFlashState                                   bssCOMRAM    000041
_CFLEDFlashTickUIG                                 bssBANK0     000072
_CF_STAUTS_TimerUIG                                bssBANK0     000074
_CRC16                                             text26       0014C4
_CableFaultStatusUCG                               bssBANK0     0000A7
_CheckBroadcastPacket                              text27       002DB8
_CheckCRCST7540                                    text79       002506
_CheckCRCUART                                      text23       002482
_CheckISCTimerUIG                                  bssBANK0     000076
_Check_ALL_ISC                                     text24       002B10
_ClearDataReady                                    text65       002E1E
_ClearToFire                                       bssBANK0     0000A8
_CreateMessageST7540                               text25       001728
_CreateMessageUART                                 text13       001D66
_DataReadyST7540                                   text83       002E24
_DataReadyUART                                     text64       002E42
_DeArmHighTickUIG                                  bssBANK0     000078
_DeArmTickCG                                       bssCOMRAM    000042
_DeArmTimerEnabled                                 bssCOMRAM    000043
_Discover_ISC_ModeUCG                              bssBANK0     0000A9
_Discovered_New_ISC                                bssCOMRAM    000044
_EEADR                                             (abs)        000FA9
_EECON1bits                                        (abs)        000FA6
_EECON2                                            (abs)        000FA7
_EEDATA                                            (abs)        000FA8
_EEPROMClearReset                                  text50       002C2C
_EEPROMRead                                        text48       002A00
_EEPROMSetReset                                    text61       002C52
_EEPRead                                           bssBANK0     000060
_EEPWrite                                          bssBANK0     000065
_ELT_Counter                                       bssBANK0     00007A
_FIRE                                              text51       002688
_FireButtonStatusUCG                               bssBANK0     0000AA
_FireOutFloat                                      bssBANK0     00006A
_FiringStatusUCG                                   bssBANK0     0000AB
_GenerateMissingPulse                              text55       00258A
_HalfCycleCounterCG                                bssCOMRAM    000045
_HighPulseCountCG                                  bssBANK0     0000AC
_HighSpeedTickPAUIG                                bssBANK0     00007C
_HighSpeedTickPBTUIG                               bssBANK0     00007E
_HighSpeedTickUIG                                  bssBANK0     000080
_IBC_ComsCrashTimer                                bssBANK0     000082
_IBC_Default_Data                                  bssBANK0     000084
_IBC_Faults_Data                                   bssBANK0     000086
_INTCONbits                                        (abs)        000FF2
_IOCBbits                                          (abs)        000F62
_IPR1bits                                          (abs)        000F9F
_ISC_CF_Index                                      bssBANK0     000088
_ISC_PARENT_SNArrayUIG                             bssBANK3     000347
_ISC_Packet_Index                                  bssBANK0     00008A
_ISC_SN_ArrayIndexUCG                              bssCOMRAM    000046
_ISC_SN_ArrayUIG                                   bssBANK2     000200
_ISC_SN_ArrayUIG_Missing                           bssBANK3     000383
_ISC_SN_Array_MissingUCG                           bssCOMRAM    000047
_ISC_SN_Array_Missing_ReverseUSG                   bssBANK3     0003BF
_ISC_SN_Array_ReverseUSG                           bssBANK2     00023C
_ISC_SN_Array_SizeUCG                              bssBANK0     0000AD
_ISC_Switch_TempUSG                                bssBANK0     00008C
_ISC_Transmit_Packet_Ready                         bssBANK0     0000AE
_IdleTimerUIG                                      bssBANK0     00008E
_InitST7540                                        text44       001B7C
_InitST7540Pins                                    text47       002B48
_InitSystem                                        text33       001A74
_KeySwitchStateUCG                                 bssBANK0     0000AF
_KeySwitchStatusUCG                                bssBANK0     0000B0
_LATAbits                                          (abs)        000F89
_LATBbits                                          (abs)        000F8A
_LATCbits                                          (abs)        000F8B
_LineIdleST7540                                    text17       002DC6
_LowSpeedTickBTCG                                  bssCOMRAM    000048
_LowSpeedTickCG                                    bssCOMRAM    000049
_LowSpeedTickPATCG                                 bssCOMRAM    00004A
_LowSpeedTickPBTCG                                 bssCOMRAM    00004B
_MissingPulseCounterCG                             bssCOMRAM    00004C
_ModeCG                                            bssCOMRAM    00004D
_NewCFStatusUCG                                    bssBANK0     0000B1
_New_ISC_SN                                        bssCOMRAM    00004E
_OSCCONbits                                        (abs)        000FD3
_OSCTUNEbits                                       (abs)        000F9B
_PATEnabled                                        bssCOMRAM    00004F
_PBTEnabled                                        bssCOMRAM    000050
_PIE1bits                                          (abs)        000F9D
_PIE3bits                                          (abs)        000FA3
_PIR1bits                                          (abs)        000F9E
_PIR3bits                                          (abs)        000FA4
_PMD0bits                                          (abs)        000F3F
_PORTAbits                                         (abs)        000F80
_PORTBbits                                         (abs)        000F81
_PORTCbits                                         (abs)        000F82
_PR2                                               (abs)        000FBB
_PacketDataST7540                                  text81       002E08
_PacketForPiIdentifier                             dataCOMRAM   00005D
_PacketReadParamST7540                             text78       0021FE
_PacketReadParamUART                               text22       002150
_PiBufferRXNEXTUCA                                 bssCOMRAM    000051
_PiBufferTXLenUCA                                  bssBANK0     0000B2
_PiBufferTXNEXTUCA                                 bssCOMRAM    000052
_PiDefaultData                                     bssBANK0     0000C0
_Pi_Status_Update                                  bssBANK0     0000B3
_Production_ISC_SN_Counter                         bssBANK0     000090
_RCREG1                                            (abs)        000FAE
_RCSTA1bits                                        (abs)        000FAB
_RXReadyISRHandlerST7540                           text82       002D78
_ReadAnalogVoltage                                 text39       002950
_ReadCableFault                                    text38       0027E0
_ReadConfigST7540                                  text46       0015F8
_ReadEarthLeakage                                  text37       00209E
_ReadFireOut                                       text28       0022A8
_ReadMAINS_ZeroCrossing                            text58       00289A
_Read_b_eep                                        text49       002D54
_ReceiveNewDataST7540                              text43       002D42
_Receive_ISC_Packet                                text71       000D20
_Receive_Pi_Packet                                 text21       00063A
_ReceivedPLMBufferCG                               bssBANK3     000300
_ReceivedPLMBufferIndexIG                          bssBANK0     000092
_ReceivedPiBufferCG                                bssBANK0     0000B9
_ReceivedPiBufferIndexIG                           bssBANK0     000094
_RelayStatusUCG                                    bssBANK0     0000B4
_ResetStatusUCG                                    bssBANK0     0000B5
_SPBRG1                                            (abs)        000FAF
_SPIISRHandlerST7540                               text70       002704
_SSP1BUF                                           (abs)        000FC9
_SSP2BUF                                           (abs)        000F6F
_SSP2CON1bits                                      (abs)        000F6C
_SSP2STATbits                                      (abs)        000F6D
_SendUARTPacket                                    text11       002D8A
_Show_Missing_ISC                                  bssCOMRAM    000053
_StartBlastTimer                                   text54       002DF4
_StartPostFireTimer                                text53       002D2E
_StartPreArmedTimer                                text20       002D06
_StartTransmitST7540                               text16       002CAE
_StopBlastTimer                                    text52       002D1A
_StopPostFireTimer                                 text19       002CF2
_StopPreArmedTimer                                 text18       002CDE
_T2CONbits                                         (abs)        000FBA
_TMR2                                              (abs)        000FBC
_TRISAbits                                         (abs)        000F92
_TRISBbits                                         (abs)        000F93
_TRISCbits                                         (abs)        000F94
_TXREG1                                            (abs)        000FAD
_TXSTA1bits                                        (abs)        000FAC
_ToggleRelay                                       bssCOMRAM    000054
_TransmitBusyST7540                                text15       002E12
_TransmitPLMBufferCG                               bssBANK4     000400
_TransmitPLMBufferIG                               bssBANK0     000096
_TransmitPiBufferCG                                bssBANK1     000100
_TransmitPiBufferIG                                bssBANK0     000098
_Transmit_BLAST_Command_Packet                     text14       0028F6
_Transmit_NULL_Packet                              text69       002C02
_Transmit_Pi_Default_Data                          text10       002B80
_TurnBuzzer_AlarmOff                               text9        002E2E
_TurnBuzzer_AlarmOn                                text8        002E2A
_TurnCableFaultDetectOff                           text36       002E36
_TurnCableFaultDetectOn                            text35       002E32
_TurnRelayOff                                      text42       002CC6
_TurnRelayOn                                       text7        002C96
_TurnSSR1Off                                       text57       002E3E
_TurnSSR1On                                        text56       002E3A
_UART_Init                                         text40       001216
_UART_Read                                         text68       0029A8
_UART_TX_ISRHandler                                text67       002BAC
_UART_Write                                        text12       002DAA
_WDTCONbits                                        (abs)        000FD1
_WaitNewTick                                       text60       002DD2
_WaitTickCount                                     text59       002C78
_WriteConfigST7540                                 text45       00234E
_Write_b_eep                                       text62       002AD2
__CFG_BOREN$OFF                                    (abs)        000000
__CFG_BORV$190                                     (abs)        000000
__CFG_CCP2MX$PORTC1                                (abs)        000000
__CFG_CCP3MX$PORTB5                                (abs)        000000
__CFG_CP0$OFF                                      (abs)        000000
__CFG_CP1$OFF                                      (abs)        000000
__CFG_CP2$OFF                                      (abs)        000000
__CFG_CP3$OFF                                      (abs)        000000
__CFG_CPB$OFF                                      (abs)        000000
__CFG_CPD$OFF                                      (abs)        000000
__CFG_EBTR0$OFF                                    (abs)        000000
__CFG_EBTR1$OFF                                    (abs)        000000
__CFG_EBTR2$OFF                                    (abs)        000000
__CFG_EBTR3$OFF                                    (abs)        000000
__CFG_EBTRB$OFF                                    (abs)        000000
__CFG_FCMEN$OFF                                    (abs)        000000
__CFG_FOSC$INTIO67                                 (abs)        000000
__CFG_HFOFST$OFF                                   (abs)        000000
__CFG_IESO$OFF                                     (abs)        000000
__CFG_LVP$OFF                                      (abs)        000000
__CFG_MCLRE$EXTMCLR                                (abs)        000000
__CFG_P2BMX$PORTB5                                 (abs)        000000
__CFG_PBADEN$OFF                                   (abs)        000000
__CFG_PLLCFG$OFF                                   (abs)        000000
__CFG_PRICLKEN$ON                                  (abs)        000000
__CFG_PWRTEN$OFF                                   (abs)        000000
__CFG_STVREN$OFF                                   (abs)        000000
__CFG_T3CMX$PORTC0                                 (abs)        000000
__CFG_WDTEN$SWON                                   (abs)        000000
__CFG_WDTPS$2048                                   (abs)        000000
__CFG_WRT0$OFF                                     (abs)        000000
__CFG_WRT1$OFF                                     (abs)        000000
__CFG_WRT2$OFF                                     (abs)        000000
__CFG_WRT3$OFF                                     (abs)        000000
__CFG_WRTB$OFF                                     (abs)        000000
__CFG_WRTC$OFF                                     (abs)        000000
__CFG_WRTD$OFF                                     (abs)        000000
__CFG_XINST$OFF                                    (abs)        000000
__HRAM                                             (abs)        000000
__Habs1                                            abs1         000000
__Hbank0                                           bank0        000000
__Hbank1                                           bank1        000000
__Hbank2                                           bank2        000000
__Hbank3                                           bank3        000000
__Hbank4                                           bank4        000000
__Hbank5                                           bank5        000000
__Hbigbss                                          bigbss       000000
__Hbigdata                                         bigdata      000000
__Hbigram                                          bigram       000000
__Hbss                                             bss          000000
__HbssBANK0                                        bssBANK0     000000
__HbssBANK1                                        bssBANK1     000000
__HbssBANK2                                        bssBANK2     000000
__HbssBANK3                                        bssBANK3     000000
__HbssBANK4                                        bssBANK4     000000
__HbssBIGRAM                                       bssBIGRAM    000000
__HbssCOMRAM                                       bssCOMRAM    000000
__Hcinit                                           cinit        000000
__Hclrtext                                         clrtext      000000
__Hcomram                                          comram       000000
__Hconfig                                          config       30000E
__Hconst                                           const        000000
__HcstackBANK0                                     cstackBANK0  000000
__HcstackCOMRAM                                    cstackCOMRAM 000000
__Hdata                                            data         000000
__HdataCOMRAM                                      dataCOMRAM   000000
__Heeprom_data                                     eeprom_data  000000
__Hend_init                                        end_init     000636
__Hfarbss                                          farbss       000000
__Hfardata                                         fardata      000000
__Hibigdata                                        ibigdata     000000
__Hidata                                           idata        000000
__HidataCOMRAM                                     idataCOMRAM  000000
__Hidloc                                           idloc        200008
__Hifardata                                        ifardata     000000
__Hinit                                            init         000632
__Hintcode                                         intcode      000632
__Hintcode_body                                    intcode_body 000000
__Hintcodelo                                       intcodelo    000632
__Hintentry                                        intentry     000000
__Hintret                                          intret       000000
__Hintsave_regs                                    intsave_regs 000000
__Hirdata                                          irdata       000000
__Hmediumconst                                     mediumconst  000000
__HnvFARRAM                                        nvFARRAM     000000
__Hnvbit                                           nvbit        000000
__Hnvrram                                          nvrram       000000
__Hparam                                           rparam       000000
__Hpowerup                                         powerup      000632
__Hram                                             ram          000000
__Hramtop                                          ramtop       000600
__Hrbit                                            rbit         000000
__Hrbss                                            rbss         000000
__Hrdata                                           rdata        000000
__Hreset_vec                                       reset_vec    000404
__Hrparam                                          rparam       000000
__Hsfr                                             sfr          000000
__Hsmallconst                                      smallconst   00063A
__Hspace_0                                         (abs)        30000E
__Hspace_1                                         (abs)        0005AF
__Hspace_2                                         (abs)        000000
__Hstack                                           stack        000000
__Hstruct                                          struct       000000
__Htemp                                            temp         00005F
__Htext                                            text         000000
__Htext0                                           text0        000000
__Htext1                                           text1        000000
__Htext10                                          text10       000000
__Htext11                                          text11       000000
__Htext12                                          text12       000000
__Htext13                                          text13       000000
__Htext14                                          text14       000000
__Htext15                                          text15       000000
__Htext16                                          text16       000000
__Htext17                                          text17       000000
__Htext18                                          text18       000000
__Htext19                                          text19       000000
__Htext2                                           text2        000000
__Htext20                                          text20       000000
__Htext21                                          text21       000000
__Htext22                                          text22       000000
__Htext23                                          text23       000000
__Htext24                                          text24       000000
__Htext25                                          text25       000000
__Htext26                                          text26       000000
__Htext27                                          text27       000000
__Htext28                                          text28       000000
__Htext29                                          text29       000000
__Htext3                                           text3        000000
__Htext30                                          text30       000000
__Htext31                                          text31       000000
__Htext32                                          text32       000000
__Htext33                                          text33       000000
__Htext34                                          text34       000000
__Htext35                                          text35       000000
__Htext36                                          text36       000000
__Htext37                                          text37       000000
__Htext38                                          text38       000000
__Htext39                                          text39       000000
__Htext4                                           text4        000000
__Htext40                                          text40       000000
__Htext41                                          text41       000000
__Htext42                                          text42       000000
__Htext43                                          text43       000000
__Htext44                                          text44       000000
__Htext45                                          text45       000000
__Htext46                                          text46       000000
__Htext47                                          text47       000000
__Htext48                                          text48       000000
__Htext49                                          text49       000000
__Htext5                                           text5        000000
__Htext50                                          text50       000000
__Htext51                                          text51       000000
__Htext52                                          text52       000000
__Htext53                                          text53       000000
__Htext54                                          text54       000000
__Htext55                                          text55       000000
__Htext56                                          text56       000000
__Htext57                                          text57       000000
__Htext58                                          text58       000000
__Htext59                                          text59       000000
__Htext6                                           text6        000000
__Htext60                                          text60       000000
__Htext61                                          text61       000000
__Htext62                                          text62       000000
__Htext63                                          text63       000000
__Htext64                                          text64       000000
__Htext65                                          text65       000000
__Htext67                                          text67       000000
__Htext68                                          text68       000000
__Htext69                                          text69       000000
__Htext7                                           text7        000000
__Htext70                                          text70       000000
__Htext71                                          text71       000000
__Htext72                                          text72       000000
__Htext73                                          text73       000000
__Htext74                                          text74       000000
__Htext75                                          text75       000000
__Htext76                                          text76       000000
__Htext77                                          text77       000000
__Htext78                                          text78       000000
__Htext79                                          text79       000000
__Htext8                                           text8        000000
__Htext80                                          text80       000000
__Htext81                                          text81       000000
__Htext82                                          text82       000000
__Htext83                                          text83       000000
__Htext9                                           text9        000000
__LRAM                                             (abs)        000001
__Labs1                                            abs1         000000
__Lbank0                                           bank0        000000
__Lbank1                                           bank1        000000
__Lbank2                                           bank2        000000
__Lbank3                                           bank3        000000
__Lbank4                                           bank4        000000
__Lbank5                                           bank5        000000
__Lbigbss                                          bigbss       000000
__Lbigdata                                         bigdata      000000
__Lbigram                                          bigram       000000
__Lbss                                             bss          000000
__LbssBANK0                                        bssBANK0     000000
__LbssBANK1                                        bssBANK1     000000
__LbssBANK2                                        bssBANK2     000000
__LbssBANK3                                        bssBANK3     000000
__LbssBANK4                                        bssBANK4     000000
__LbssBIGRAM                                       bssBIGRAM    000000
__LbssCOMRAM                                       bssCOMRAM    000000
__Lcinit                                           cinit        000000
__Lclrtext                                         clrtext      000000
__Lcomram                                          comram       000000
__Lconfig                                          config       300000
__Lconst                                           const        000000
__LcstackBANK0                                     cstackBANK0  000000
__LcstackCOMRAM                                    cstackCOMRAM 000000
__Ldata                                            data         000000
__LdataCOMRAM                                      dataCOMRAM   000000
__Leeprom_data                                     eeprom_data  000000
__Lend_init                                        end_init     000632
__Lfarbss                                          farbss       000000
__Lfardata                                         fardata      000000
__Libigdata                                        ibigdata     000000
__Lidata                                           idata        000000
__LidataCOMRAM                                     idataCOMRAM  000000
__Lidloc                                           idloc        200000
__Lifardata                                        ifardata     000000
__Linit                                            init         000632
__Lintcode                                         intcode      000408
__Lintcode_body                                    intcode_body 000000
__Lintcodelo                                       intcodelo    000632
__Lintentry                                        intentry     000000
__Lintret                                          intret       000000
__Lintsave_regs                                    intsave_regs 000000
__Lirdata                                          irdata       000000
__Lmediumconst                                     mediumconst  000000
__LnvFARRAM                                        nvFARRAM     000000
__Lnvbit                                           nvbit        000000
__Lnvrram                                          nvrram       000000
__Lparam                                           rparam       000000
__Lpowerup                                         powerup      000632
__Lram                                             ram          000000
__Lramtop                                          ramtop       000600
__Lrbit                                            rbit         000000
__Lrbss                                            rbss         000000
__Lrdata                                           rdata        000000
__Lreset_vec                                       reset_vec    000400
__Lrparam                                          rparam       000000
__Lsfr                                             sfr          000000
__Lsmallconst                                      smallconst   000636
__Lspace_0                                         (abs)        000000
__Lspace_1                                         (abs)        000000
__Lspace_2                                         (abs)        000000
__Lstack                                           stack        000000
__Lstruct                                          struct       000000
__Ltemp                                            temp         00005E
__Ltext                                            text         000000
__Ltext0                                           text0        000000
__Ltext1                                           text1        000000
__Ltext10                                          text10       000000
__Ltext11                                          text11       000000
__Ltext12                                          text12       000000
__Ltext13                                          text13       000000
__Ltext14                                          text14       000000
__Ltext15                                          text15       000000
__Ltext16                                          text16       000000
__Ltext17                                          text17       000000
__Ltext18                                          text18       000000
__Ltext19                                          text19       000000
__Ltext2                                           text2        000000
__Ltext20                                          text20       000000
__Ltext21                                          text21       000000
__Ltext22                                          text22       000000
__Ltext23                                          text23       000000
__Ltext24                                          text24       000000
__Ltext25                                          text25       000000
__Ltext26                                          text26       000000
__Ltext27                                          text27       000000
__Ltext28                                          text28       000000
__Ltext29                                          text29       000000
__Ltext3                                           text3        000000
__Ltext30                                          text30       000000
__Ltext31                                          text31       000000
__Ltext32                                          text32       000000
__Ltext33                                          text33       000000
__Ltext34                                          text34       000000
__Ltext35                                          text35       000000
__Ltext36                                          text36       000000
__Ltext37                                          text37       000000
__Ltext38                                          text38       000000
__Ltext39                                          text39       000000
__Ltext4                                           text4        000000
__Ltext40                                          text40       000000
__Ltext41                                          text41       000000
__Ltext42                                          text42       000000
__Ltext43                                          text43       000000
__Ltext44                                          text44       000000
__Ltext45                                          text45       000000
__Ltext46                                          text46       000000
__Ltext47                                          text47       000000
__Ltext48                                          text48       000000
__Ltext49                                          text49       000000
__Ltext5                                           text5        000000
__Ltext50                                          text50       000000
__Ltext51                                          text51       000000
__Ltext52                                          text52       000000
__Ltext53                                          text53       000000
__Ltext54                                          text54       000000
__Ltext55                                          text55       000000
__Ltext56                                          text56       000000
__Ltext57                                          text57       000000
__Ltext58                                          text58       000000
__Ltext59                                          text59       000000
__Ltext6                                           text6        000000
__Ltext60                                          text60       000000
__Ltext61                                          text61       000000
__Ltext62                                          text62       000000
__Ltext63                                          text63       000000
__Ltext64                                          text64       000000
__Ltext65                                          text65       000000
__Ltext67                                          text67       000000
__Ltext68                                          text68       000000
__Ltext69                                          text69       000000
__Ltext7                                           text7        000000
__Ltext70                                          text70       000000
__Ltext71                                          text71       000000
__Ltext72                                          text72       000000
__Ltext73                                          text73       000000
__Ltext74                                          text74       000000
__Ltext75                                          text75       000000
__Ltext76                                          text76       000000
__Ltext77                                          text77       000000
__Ltext78                                          text78       000000
__Ltext79                                          text79       000000
__Ltext8                                           text8        000000
__Ltext80                                          text80       000000
__Ltext81                                          text81       000000
__Ltext82                                          text82       000000
__Ltext83                                          text83       000000
__Ltext9                                           text9        000000
__S0                                               (abs)        30000E
__S1                                               (abs)        0005AF
__S2                                               (abs)        000000
___aldiv                                           text41       00184E
___aldiv@counter                                   cstackBANK0  0000CA
___aldiv@dividend                                  cstackBANK0  0000C2
___aldiv@divisor                                   cstackBANK0  0000C6
___aldiv@quotient                                  cstackBANK0  0000CC
___aldiv@sign                                      cstackBANK0  0000CB
___ftadd                                           text31       000FAE
___ftadd@exp1                                      cstackBANK0  0000D8
___ftadd@exp2                                      cstackBANK0  0000D7
___ftadd@f1                                        cstackBANK0  0000CD
___ftadd@f2                                        cstackBANK0  0000D0
___ftadd@sign                                      cstackBANK0  0000D6
___ftdiv                                           text30       001378
___ftdiv@cntr                                      cstackBANK0  0000D3
___ftdiv@exp                                       cstackBANK0  0000D7
___ftdiv@f1                                        cstackBANK0  0000CA
___ftdiv@f2                                        cstackBANK0  0000CD
___ftdiv@f3                                        cstackBANK0  0000D4
___ftdiv@sign                                      cstackBANK0  0000D8
___ftge                                            text6        001F20
___ftge@ff1                                        cstackBANK0  0000C2
___ftge@ff2                                        cstackBANK0  0000C5
___ftpack                                          text32       001968
___ftpack@arg                                      cstackBANK0  0000C2
___ftpack@exp                                      cstackBANK0  0000C5
___ftpack@sign                                     cstackBANK0  0000C6
___inthi_sp                                        stack        000000
___intlo_sp                                        stack        000000
___lwtoft                                          text29       002BD8
___lwtoft@c                                        cstackBANK0  0000CA
___param_bank                                      (abs)        000010
___rparam_used                                     (abs)        000001
___sp                                              stack        000000
__accesstop                                        (abs)        000060
__activetblptr                                     (abs)        000002
__end_of_Busy_eep                                  text63       002E1E
__end_of_CRC16                                     text26       0015F8
__end_of_CheckBroadcastPacket                      text27       002DC6
__end_of_CheckCRCST7540                            text79       00258A
__end_of_CheckCRCUART                              text23       002506
__end_of_Check_ALL_ISC                             text24       002B48
__end_of_ClearDataReady                            text65       002E24
__end_of_CreateMessageST7540                       text25       00184E
__end_of_CreateMessageUART                         text13       001E4E
__end_of_DataReadyST7540                           text83       002E2A
__end_of_DataReadyUART                             text64       002E46
__end_of_EEPROMClearReset                          text50       002C52
__end_of_EEPROMRead                                text48       002A4E
__end_of_EEPROMSetReset                            text61       002C78
__end_of_FIRE                                      text51       002704
__end_of_GenerateMissingPulse                      text55       00260C
__end_of_InitST7540                                text44       001C72
__end_of_InitST7540Pins                            text47       002B80
__end_of_InitSystem                                text33       001B7C
__end_of_LineIdleST7540                            text17       002DD2
__end_of_PacketDataST7540                          text81       002E12
__end_of_PacketReadParamST7540                     text78       0022A8
__end_of_PacketReadParamUART                       text22       0021FE
__end_of_RXReadyISRHandlerST7540                   text82       002D8A
__end_of_ReadAnalogVoltage                         text39       0029A8
__end_of_ReadCableFault                            text38       00283E
__end_of_ReadConfigST7540                          text46       001728
__end_of_ReadEarthLeakage                          text37       002150
__end_of_ReadFireOut                               text28       00234E
__end_of_ReadMAINS_ZeroCrossing                    text58       0028F6
__end_of_Read_b_eep                                text49       002D66
__end_of_ReceiveNewDataST7540                      text43       002D54
__end_of_Receive_ISC_Packet                        text71       000FAE
__end_of_Receive_Pi_Packet                         text21       0009D0
__end_of_SPIISRHandlerST7540                       text70       002774
__end_of_SendUARTPacket                            text11       002D9A
__end_of_StartBlastTimer                           text54       002DFE
__end_of_StartPostFireTimer                        text53       002D42
__end_of_StartPreArmedTimer                        text20       002D1A
__end_of_StartTransmitST7540                       text16       002CC6
__end_of_StopBlastTimer                            text52       002D2E
__end_of_StopPostFireTimer                         text19       002D06
__end_of_StopPreArmedTimer                         text18       002CF2
__end_of_TransmitBusyST7540                        text15       002E18
__end_of_Transmit_BLAST_Command_Packet             text14       002950
__end_of_Transmit_NULL_Packet                      text69       002C2C
__end_of_Transmit_Pi_Default_Data                  text10       002BAC
__end_of_TurnBuzzer_AlarmOff                       text9        002E32
__end_of_TurnBuzzer_AlarmOn                        text8        002E2E
__end_of_TurnCableFaultDetectOff                   text36       002E3A
__end_of_TurnCableFaultDetectOn                    text35       002E36
__end_of_TurnRelayOff                              text42       002CDE
__end_of_TurnRelayOn                               text7        002CAE
__end_of_TurnSSR1Off                               text57       002E42
__end_of_TurnSSR1On                                text56       002E3E
__end_of_UART_Init                                 text40       001378
__end_of_UART_Read                                 text68       002A00
__end_of_UART_TX_ISRHandler                        text67       002BD8
__end_of_UART_Write                                text12       002DB8
__end_of_WaitNewTick                               text60       002DDE
__end_of_WaitTickCount                             text59       002C96
__end_of_WriteConfigST7540                         text45       0023F2
__end_of_Write_b_eep                               text62       002B10
__end_of___aldiv                                   text41       001968
__end_of___ftadd                                   text31       001216
__end_of___ftdiv                                   text30       0014C4
__end_of___ftge                                    text6        001FE8
__end_of___ftpack                                  text32       001A74
__end_of___lwtoft                                  text29       002C02
__end_of__initialization                           cinit        00267A
__end_of_checkCableFaults                          text34       002482
__end_of_getFireButtonState                        text5        002AD2
__end_of_getIBCDefaultData                         text4        0027E0
__end_of_getKeySwitchState                         text3        00289A
__end_of_getResetButtonState                       text2        002A90
__end_of_isr                                       intcode      000632
__end_of_main                                      text0        000D20
__end_of_resetUARTPointers                         text1        002DF4
__end_ofi2_CRC16                                   text80       001F20
__end_ofi2_CheckBroadcastPacket                    text77       002E08
__end_ofi2_CreateMessageST7540                     text76       001D66
__end_ofi2_CreateMessageUART                       text75       00209E
__end_ofi2_ReceiveNewDataST7540                    text74       002D78
__end_ofi2_SendUARTPacket                          text72       002DAA
__end_ofi2_UART_Write                              text73       002DEA
__initialization                                   cinit        00260C
__mediumconst                                      mediumconst  000000
__pbssBANK0                                        bssBANK0     000060
__pbssBANK1                                        bssBANK1     000100
__pbssBANK2                                        bssBANK2     000200
__pbssBANK3                                        bssBANK3     000300
__pbssBANK4                                        bssBANK4     000400
__pbssBIGRAM                                       bssBIGRAM    000447
__pbssCOMRAM                                       bssCOMRAM    00003E
__pcinit                                           cinit        00260C
__pcstackBANK0                                     cstackBANK0  0000C2
__pcstackCOMRAM                                    cstackCOMRAM 000001
__pdataCOMRAM                                      dataCOMRAM   00005D
__pidataCOMRAM                                     idataCOMRAM  002E46
__pintcode                                         intcode      000408
__psmallconst                                      smallconst   000636
__ptext0                                           text0        0009D0
__ptext1                                           text1        002DEA
__ptext10                                          text10       002B80
__ptext11                                          text11       002D8A
__ptext12                                          text12       002DAA
__ptext13                                          text13       001D66
__ptext14                                          text14       0028F6
__ptext15                                          text15       002E12
__ptext16                                          text16       002CAE
__ptext17                                          text17       002DC6
__ptext18                                          text18       002CDE
__ptext19                                          text19       002CF2
__ptext2                                           text2        002A4E
__ptext20                                          text20       002D06
__ptext21                                          text21       00063A
__ptext22                                          text22       002150
__ptext23                                          text23       002482
__ptext24                                          text24       002B10
__ptext25                                          text25       001728
__ptext26                                          text26       0014C4
__ptext27                                          text27       002DB8
__ptext28                                          text28       0022A8
__ptext29                                          text29       002BD8
__ptext3                                           text3        00283E
__ptext30                                          text30       001378
__ptext31                                          text31       000FAE
__ptext32                                          text32       001968
__ptext33                                          text33       001A74
__ptext34                                          text34       0023F2
__ptext35                                          text35       002E32
__ptext36                                          text36       002E36
__ptext37                                          text37       00209E
__ptext38                                          text38       0027E0
__ptext39                                          text39       002950
__ptext4                                           text4        002774
__ptext40                                          text40       001216
__ptext41                                          text41       00184E
__ptext42                                          text42       002CC6
__ptext43                                          text43       002D42
__ptext44                                          text44       001B7C
__ptext45                                          text45       00234E
__ptext46                                          text46       0015F8
__ptext47                                          text47       002B48
__ptext48                                          text48       002A00
__ptext49                                          text49       002D54
__ptext5                                           text5        002A90
__ptext50                                          text50       002C2C
__ptext51                                          text51       002688
__ptext52                                          text52       002D1A
__ptext53                                          text53       002D2E
__ptext54                                          text54       002DF4
__ptext55                                          text55       00258A
__ptext56                                          text56       002E3A
__ptext57                                          text57       002E3E
__ptext58                                          text58       00289A
__ptext59                                          text59       002C78
__ptext6                                           text6        001F20
__ptext60                                          text60       002DD2
__ptext61                                          text61       002C52
__ptext62                                          text62       002AD2
[...]
 This function calls:
		_PacketDataST7540
		_PacketReadParamST7540
		i2_CheckBroadcastPacket
		i2_CreateMessageST7540
		i2_CreateMessageUART
		i2_ReceiveNewDataST7540
		i2_SendUARTPacket
 This function is called by:
		_isr
 This function uses a non-reentrant model


 *************** function i2_SendUARTPacket *****************
 Defined at:
		line 255 in file "Released IBC-1 Code - 03-06-2016/UART.c"
 Parameters:    Size  Location     Type
		None
 Auto vars:     Size  Location     Type
		None
 Return value:  Size  Location     Type
                  1    wreg      void 
 Registers used:
		wreg, status,2, status,0, cstack
 Tracked objects:
		On entry : 
		On exit  : 
		Unchanged: 
 Data sizes:     COMRAM   BANK0   BANK1   BANK2   BANK3   BANK4   BANK5
      Params:         0       0       0       0       0       0       0
      Locals:         0       0       0       0       0       0       0
      Temps:          0       0       0       0       0       0       0
      Totals:         0       0       0       0       0       0       0
Total ram usage:        0 bytes
 Hardware stack levels used:    1
 Hardware stack levels required when called:    1
 This function calls:
		i2_UART_Write
 This function is called by:
		_Receive_ISC_Packet
 This function uses a non-reentrant model


 *************** function i2_UART_Write *****************
 Defined at:
		line 262 in file "Released IBC-1 Code - 03-06-2016/UART.c"
 Parameters:    Size  Location     Type
  data            1    wreg     unsigned char 
 Auto vars:     Size  Location     Type
  data            1    0[COMRAM] unsigned char 
 Return value:  Size  Location     Type
                  1    wreg      void 
 Registers used:
		wreg
 Tracked objects:
		On entry : 
		On exit  : 
		Unchanged: 
 Data sizes:     COMRAM   BANK0   BANK1   BANK2   BANK3   BANK4   BANK5
      Params:         0       0       0       0       0       0       0
      Locals:         1       0       0       0       0       0       0
      Temps:          0       0       0       0       0       0       0
      Totals:         1       0       0       0       0       0       0
Total ram usage:        1 bytes
 Hardware stack levels used:    1
 This function calls:
		Nothing
 This function is called by:
		_UART_TX_ISRHandler
		i2_SendUARTPacket
 This function uses a non-reentrant model


 *************** function i2_ReceiveNewDataST7540 *****************
 Defined at:
		line 254 in file "Released IBC-1 Code - 03-06-2016/ST7540.c"
 Parameters:    Size  Location     Type
		None
 Auto vars:     Size  Location     Type
  ReceiveNewDa    1    0[COMRAM] unsigned char 
 Return value:  Size  Location     Type
                  1    wreg      void 
 Registers used:
		wreg, status,2, status,0
 Tracked objects:
		On entry : 
		On exit  : 
		Unchanged: 
 Data sizes:     COMRAM   BANK0   BANK1   BANK2   BANK3   BANK4   BANK5
      Params:         0       0       0       0       0       0       0
      Locals:         1       0       0       0       0       0       0
      Temps:          0       0       0       0       0       0       0
      Totals:         1       0       0       0       0       0       0
Total ram usage:        1 bytes
 Hardware stack levels used:    1
 This function calls:
		Nothing
 This function is called by:
		_isr
		_Receive_ISC_Packet
 This function uses a non-reentrant model


 *************** function i2_CreateMessageUART *****************
 Defined at:
		line 231 in file "Released IBC-1 Code - 03-06-2016/UART.c"
 Parameters:    Size  Location     Type
  packetSource    2   28[COMRAM] unsigned short 
  commandUC       1   30[COMRAM] unsigned char 
  dataLenUC       1   31[COMRAM] unsigned char 
  dataBuf         2   32[COMRAM] PTR unsigned char 
		 -> PiDefaultData(2), Receive_ISC_Packet@tempIscSerial(2), bufferRXST7540UCA(75), 
 Auto vars:     Size  Location     Type
  CreateMessag    2   36[COMRAM] unsigned short 
  CreateMessag    1   38[COMRAM] unsigned char 
 Return value:  Size  Location     Type
                  1    wreg      void 
 Registers used:
		wreg, fsr1l, fsr1h, fsr2l, fsr2h, status,2, status,0, prodl, prodh, cstack
 Tracked objects:
		On entry : 
		On exit  : 
		Unchanged: 
 Data sizes:     COMRAM   BANK0   BANK1   BANK2   BANK3   BANK4   BANK5
      Params:         6       0       0       0       0       0       0
      Locals:         3       0       0       0       0       0       0
      Temps:          2       0       0       0       0       0       0
      Totals:        11       0       0       0       0       0       0
Total ram usage:       11 bytes
 Hardware stack levels used:    1
 Hardware stack levels required when called:    1
 This function calls:
		i2_CRC16
 This function is called by:
		_Receive_ISC_Packet
 This function uses a non-reentrant model


 *************** function i2_CreateMessageST7540 *****************
 Defined at:
		line 212 in file "Released IBC-1 Code - 03-06-2016/ST7540.c"
 Parameters:    Size  Location     Type
  packetSource    2   28[COMRAM] unsigned short 
  packetDestUS    2   30[COMRAM] unsigned short 
  commandUC       1   32[COMRAM] unsigned char 
  dataLenUC       1   33[COMRAM] unsigned char 
  dataBuf         2   34[COMRAM] PTR unsigned char 
		 -> Assign_ISC_New_SN@ISC_NEW_SN(2), STR_14(1), STR_13(1), STR_12(1), 
		 -> STR_11(1), STR_10(1), STR_9(1), STR_8(1), 
		 -> STR_7(1), STR_6(1), STR_5(1), STR_4(1), 
		 -> STR_3(1), STR_2(1), STR_1(1), 
 Auto vars:     Size  Location     Type
  CreateMessag    2   40[COMRAM] unsigned short 
  CreateMessag    1   42[COMRAM] unsigned char 
 Return value:  Size  Location     Type
                  1    wreg      void 
 Registers used:
		wreg, fsr0l, fsr0h, fsr2l, fsr2h, status,2, status,0, tblptrl, tblptrh, tblptru, prodl, prodh, cstack
 Tracked objects:
		On entry : 
		On exit  : 
		Unchanged: 
 Data sizes:     COMRAM   BANK0   BANK1   BANK2   BANK3   BANK4   BANK5
      Params:         8       0       0       0       0       0       0
      Locals:         3       0       0       0       0       0       0
      Temps:          4       0       0       0       0       0       0
      Totals:        15       0       0       0       0       0       0
Total ram usage:       15 bytes
 Hardware stack levels used:    1
 Hardware stack levels required when called:    1
 This function calls:
		i2_CRC16
 This function is called by:
		_Receive_ISC_Packet
		_Transmit_NULL_Packet
 This function uses a non-reentrant model


 *************** function i2_CheckBroadcastPacket *****************
 Defined at:
		line 739 in file "Released IBC-1 Code - 03-06-2016/main.c"
 Parameters:    Size  Location     Type
  Command         1    wreg     unsigned char 
 Auto vars:     Size  Location     Type
  Command         1    0[COMRAM] unsigned char 
 Return value:  Size  Location     Type
                  1    wreg      void 
 Registers used:
		wreg, status,2, status,0
 Tracked objects:
		On entry : 
		On exit  : 
		Unchanged: 
 Data sizes:     COMRAM   BANK0   BANK1   BANK2   BANK3   BANK4   BANK5
      Params:         0       0       0       0       0       0       0
      Locals:         1       0       0       0       0       0       0
      Temps:          0       0       0       0       0       0       0
      Totals:         1       0       0       0       0       0       0
Total ram usage:        1 bytes
 Hardware stack levels used:    1
 This function calls:
		Nothing
 This function is called by:
		_Receive_ISC_Packet
 This function uses a non-reentrant model


 *************** function _PacketReadParamST7540 *****************
 Defined at:
		line 264 in file "Released IBC-1 Code - 03-06-2016/ST7540.c"
 Parameters:    Size  Location     Type
  paramName       1    wreg     unsigned char 
 Auto vars:     Size  Location     Type
  paramName       1   25[COMRAM] unsigned char 
  retValueUS      2   26[COMRAM] unsigned short 
 Return value:  Size  Location     Type
                  2   21[COMRAM] unsigned short 
 Registers used:
		wreg, fsr2l, fsr2h, status,2, status,0, prodl, prodh, cstack
 Tracked objects:
		On entry : 
		On exit  : 
		Unchanged: 
 Data sizes:     COMRAM   BANK0   BANK1   BANK2   BANK3   BANK4   BANK5
      Params:         2       0       0       0       0       0       0
      Locals:         3       0       0       0       0       0       0
      Temps:          2       0       0       0       0       0       0
      Totals:         7       0       0       0       0       0       0
Total ram usage:        7 bytes
 Hardware stack levels used:    1
 Hardware stack levels required when called:    2
 This function calls:
		_CheckCRCST7540
 This function is called by:
		_isr
		_Receive_ISC_Packet
 This function uses a non-reentrant model


 *************** function _CheckCRCST7540 *****************
 Defined at:
		line 297 in file "Released IBC-1 Code - 03-06-2016/ST7540.c"
 Parameters:    Size  Location     Type
		None
 Auto vars:     Size  Location     Type
  receivedCRCU    2   18[COMRAM] unsigned short 
  expectedCRCU    2   16[COMRAM] unsigned short 
  packetLenUC     1   20[COMRAM] unsigned char 
 Return value:  Size  Location     Type
                  1    wreg      unsigned char 
 Registers used:
		wreg, fsr2l, fsr2h, status,2, status,0, prodl, prodh, cstack
 Tracked objects:
		On entry : 
		On exit  : 
		Unchanged: 
 Data sizes:     COMRAM   BANK0   BANK1   BANK2   BANK3   BANK4   BANK5
      Params:         0       0       0       0       0       0       0
      Locals:         5       0       0       0       0       0       0
      Temps:          3       0       0       0       0       0       0
      Totals:         8       0       0       0       0       0       0
Total ram usage:        8 bytes
 Hardware stack levels used:    1
 Hardware stack levels required when called:    1
 This function calls:
		i2_CRC16
 This function is called by:
		_PacketReadParamST7540
 This function uses a non-reentrant model


 *************** function i2_CRC16 *****************
 Defined at:
		line 19 in file "Released IBC-1 Code - 03-06-2016/crc16.c"
 Parameters:    Size  Location     Type
  data_p          2    0[COMRAM] PTR unsigned char 
		 -> TransmitPiBufferCG(80), ReceivedPiBufferCG(7), bufferRXST7540UCA(75), bufferTXST7540UCA(79), 
  length          2    2[COMRAM] unsigned short 
 Auto vars:     Size  Location     Type
  CRC16           2   11[COMRAM] unsigned int 
  CRC16           2    8[COMRAM] unsigned int 
  CRC16           1   10[COMRAM] unsigned char 
 Return value:  Size  Location     Type
                  2    0[COMRAM] unsigned short 
 Registers used:
		wreg, fsr2l, fsr2h, status,2, status,0
 Tracked objects:
		On entry : 
		On exit  : 
		Unchanged: 
 Data sizes:     COMRAM   BANK0   BANK1   BANK2   BANK3   BANK4   BANK5
      Params:         4       0       0       0       0       0       0
      Locals:         5       0       0       0       0       0       0
      Temps:          4       0       0       0       0       0       0
      Totals:        13       0       0       0       0       0       0
Total ram usage:       13 bytes
 Hardware stack levels used:    1
 This function calls:
		Nothing
 This function is called by:
		_CheckCRCST7540
		i2_CreateMessageST7540
		i2_CreateMessageUART
 This function uses a non-reentrant model


 *************** function _PacketDataST7540 *****************
 Defined at:
		line 289 in file "Released IBC-1 Code - 03-06-2016/ST7540.c"
 Parameters:    Size  Location     Type
		None
 Auto vars:     Size  Location     Type
		None
 Return value:  Size  Location     Type
                  2    0[COMRAM] PTR unsigned char 
 Registers used:
		wreg, status,2, status,0
 Tracked objects:
		On entry : 
		On exit  : 
		Unchanged: 
 Data sizes:     COMRAM   BANK0   BANK1   BANK2   BANK3   BANK4   BANK5
      Params:         2       0       0       0       0       0       0
      Locals:         0       0       0       0       0       0       0
      Temps:          0       0       0       0       0       0       0
      Totals:         2       0       0       0       0       0       0
Total ram usage:        2 bytes
 Hardware stack levels used:    1
 This function calls:
		Nothing
 This function is called by:
		_Receive_ISC_Packet
 This function uses a non-reentrant model


 *************** function _RXReadyISRHandlerST7540 *****************
 Defined at:
		line 198 in file "Released IBC-1 Code - 03-06-2016/ST7540.c"
 Parameters:    Size  Location     Type
		None
 Auto vars:     Size  Location     Type
  ReadIOCC        1    0[COMRAM] unsigned char 
 Return value:  Size  Location     Type
                  1    wreg      void 
 Registers used:
		wreg
 Tracked objects:
		On entry : 
		On exit  : 
		Unchanged: 
 Data sizes:     COMRAM   BANK0   BANK1   BANK2   BANK3   BANK4   BANK5
      Params:         0       0       0       0       0       0       0
      Locals:         1       0       0       0       0       0       0
      Temps:          0       0       0       0       0       0       0
      Totals:         1       0       0       0       0       0       0
Total ram usage:        1 bytes
 Hardware stack levels used:    1
 This function calls:
		Nothing
 This function is called by:
		_isr
 This function uses a non-reentrant model


 *************** function _DataReadyST7540 *****************
 Defined at:
		line 293 in file "Released IBC-1 Code - 03-06-2016/ST7540.c"
 Parameters:    Size  Location     Type
		None
 Auto vars:     Size  Location     Type
		None
 Return value:  Size  Location     Type
                  1    wreg      unsigned char 
 Registers used:
		wreg, status,2, status,0
 Tracked objects:
		On entry : 
		On exit  : 
		Unchanged: 
 Data sizes:     COMRAM   BANK0   BANK1   BANK2   BANK3   BANK4   BANK5
      Params:         0       0       0       0       0       0       0
      Locals:         0       0       0       0       0       0       0
      Temps:          0       0       0       0       0       0       0
      Totals:         0       0       0       0       0       0       0
Total ram usage:        0 bytes
 Hardware stack levels used:    1
 This function calls:
		Nothing
 This function is called by:
		_isr
 This function uses a non-reentrant model



MODULE INFORMATION

Module		Function		Class		Link	Load	Size
Released IBC-1 Code - 03-06-2016/main.c
		_TurnRelayOn   		CODE           	2C96	0000	25
		_TurnRelayOff  		CODE           	2CC6	0000	25
		_TurnSSR1On    		CODE           	2E3A	0000	5
		_TurnSSR1Off   		CODE           	2E3E	0000	5
		_getKeySwitchState		CODE           	283E	0000	93
		_EEPROMClearReset		CODE           	2C2C	0000	39
		_CheckBroadcastPacket		CODE           	2DB8	0000	15
		_Transmit_Pi_Default_Data		CODE           	2B80	0000	45
		_Busy_eep      		CODE           	2E18	0000	7
		_Transmit_NULL_Packet		CODE           	2C02	0000	43
		_StopPostFireTimer		CODE           	2CF2	0000	21
		_EEPROMSetReset		CODE           	2C52	0000	39
		_TurnCableFaultDetectOn		CODE           	2E32	0000	5
		_EEPROMRead    		CODE           	2A00	0000	79
		_main          		CODE           	09D0	0000	849
		_Read_b_eep    		CODE           	2D54	0000	19
		_StopBlastTimer		CODE           	2D1A	0000	21
		_WaitTickCount 		CODE           	2C78	0000	31
		_GenerateMissingPulse		CODE           	258A	0000	131
		_Write_b_eep   		CODE           	2AD2	0000	63
		_ReadCableFault		CODE           	27E0	0000	95
		_ReadFireOut   		CODE           	22A8	0000	167
		_Receive_Pi_Packet		CODE           	063A	0000	919
		_isr           		CODE           	0408	0000	555
		_checkCableFaults		CODE           	23F2	0000	145
		_getFireButtonState		CODE           	2A90	0000	67
		_WaitNewTick   		CODE           	2DD2	0000	13
		_ReadEarthLeakage		CODE           	209E	0000	179
		_StopPreArmedTimer		CODE           	2CDE	0000	21
		_TurnCableFaultDetectOff		CODE           	2E36	0000	5
		_InitSystem    		CODE           	1A74	0000	265
		_TurnBuzzer_AlarmOn		CODE           	2E2A	0000	5
		_Check_ALL_ISC 		CODE           	2B10	0000	57
		_Transmit_BLAST_Command_Packet		CODE           	28F6	0000	91
		_ReadMAINS_ZeroCrossing		CODE           	289A	0000	93
		_getResetButtonState		CODE           	2A4E	0000	67
		_ReadAnalogVoltage		CODE           	2950	0000	89
		_FIRE          		CODE           	2688	0000	125
		_Receive_ISC_Packet		CODE           	0D20	0000	655
		_StartPostFireTimer		CODE           	2D2E	0000	21
		_TurnBuzzer_AlarmOff		CODE           	2E2E	0000	5
		_getIBCDefaultData		CODE           	2774	0000	109
		_StartBlastTimer		CODE           	2DF4	0000	11
		_StartPreArmedTimer		CODE           	2D06	0000	21

Released IBC-1 Code - 03-06-2016/main.c estimated size: 5340

C:\Program Files (x86)\Microchip\xc8\v1.36\sources\common\ftge.c
		___ftge        		CODE           	1F20	0000	201

C:\Program Files (x86)\Microchip\xc8\v1.36\sources\common\ftge.c estimated size: 201

C:\Program Files (x86)\Microchip\xc8\v1.36\sources\common\ftadd.c
		___ftadd       		CODE           	0FAE	0000	617

C:\Program Files (x86)\Microchip\xc8\v1.36\sources\common\ftadd.c estimated size: 617

C:\Program Files (x86)\Microchip\xc8\v1.36\sources\common\lwtoft.c
		___lwtoft      		CODE           	2BD8	0000	43

C:\Program Files (x86)\Microchip\xc8\v1.36\sources\common\lwtoft.c estimated size: 43

C:\Program Files (x86)\Microchip\xc8\v1.36\sources\common\aldiv.c
		___aldiv       		CODE           	184E	0000	283

C:\Program Files (x86)\Microchip\xc8\v1.36\sources\common\aldiv.c estimated size: 283

C:\Program Files (x86)\Microchip\xc8\v1.36\sources\common\float.c
		___ftpack      		CODE           	1968	0000	269

C:\Program Files (x86)\Microchip\xc8\v1.36\sources\common\float.c estimated size: 269

Released IBC-1 Code - 03-06-2016/crc16.c
		_CRC16         		CODE           	14C4	0000	309

Released IBC-1 Code - 03-06-2016/crc16.c estimated size: 309

shared
		i2_CreateMessageUART		CODE           	1FE8	0000	183
		i2_CreateMessageST7540		CODE           	1C72	0000	245
		i2_ReceiveNewDataST7540		CODE           	2D66	0000	19
		i2_CRC16       		CODE           	1E4E	0000	211
		i2_UART_Write  		CODE           	2DDE	0000	13
		i2_CheckBroadcastPacket		CODE           	2DFE	0000	11
		__initialization		CODE           	260C	0000	111
		i2_SendUARTPacket		CODE           	2D9A	0000	17

shared estimated size: 810

C:\Program Files (x86)\Microchip\xc8\v1.36\sources\common\ftdiv.c
		___ftdiv       		CODE           	1378	0000	333

C:\Program Files (x86)\Microchip\xc8\v1.36\sources\common\ftdiv.c estimated size: 333

Released IBC-1 Code - 03-06-2016/UART.c
		_SendUARTPacket		CODE           	2D8A	0000	17
		_UART_Read     		CODE           	29A8	0000	89
		_PacketReadParamUART		CODE           	2150	0000	175
		_UART_Init     		CODE           	1216	0000	355
		_CreateMessageUART		CODE           	1D66	0000	233
		_resetUARTPointers		CODE           	2DEA	0000	11
		_UART_TX_ISRHandler		CODE           	2BAC	0000	45
		_CheckCRCUART  		CODE           	2482	0000	133
		_ClearDataReady		CODE           	2E1E	0000	7
		_UART_Write    		CODE           	2DAA	0000	15
		_DataReadyUART 		CODE           	2E42	0000	5

Released IBC-1 Code - 03-06-2016/UART.c estimated size: 1085

Released IBC-1 Code - 03-06-2016/ST7540.c
		_DataReadyST7540		CODE           	2E24	0000	7
		_PacketDataST7540		CODE           	2E08	0000	11
		_CreateMessageST7540		CODE           	1728	0000	295
		_ReceiveNewDataST7540		CODE           	2D42	0000	19
		_StartTransmitST7540		CODE           	2CAE	0000	25
		_PacketReadParamST7540		CODE           	21FE	0000	171
		_SPIISRHandlerST7540		CODE           	2704	0000	113
		_InitST7540    		CODE           	1B7C	0000	247
		_TransmitBusyST7540		CODE           	2E12	0000	7
		_ReadConfigST7540		CODE           	15F8	0000	305
		_RXReadyISRHandlerST7540		CODE           	2D78	0000	19
		_WriteConfigST7540		CODE           	234E	0000	165
		_CheckCRCST7540		CODE           	2506	0000	133
		_LineIdleST7540		CODE           	2DC6	0000	13
		_InitST7540Pins		CODE           	2B48	0000	57

Released IBC-1 Code - 03-06-2016/ST7540.c estimated size: 1587

